2026-04-08 16:20:32,090 - INFO - data proprocessing initialized
2026-04-08 16:39:14,026 - INFO - data proprocessing initialized
2026-04-08 16:41:12,282 - INFO - data proprocessing initialized
2026-04-08 16:41:14,114 - INFO - data loaded suscessfully
2026-04-08 17:03:41,991 - INFO - data proprocessing initialized
2026-04-08 17:03:43,594 - INFO - data loaded suscessfully
2026-04-08 17:05:26,393 - INFO - data proprocessing initialized
2026-04-08 17:05:27,979 - INFO - data loaded suscessfully
2026-04-08 17:05:28,320 - INFO - Filter users successfully ...
2026-04-08 17:05:29,654 - INFO - Ratings scaled Successfully ...
2026-04-08 17:09:33,263 - INFO - data proprocessing initialized
2026-04-08 17:09:34,784 - INFO - data loaded suscessfully
2026-04-08 17:09:35,045 - INFO - Filter users successfully ...
2026-04-08 17:09:36,274 - INFO - Ratings scaled Successfully ...
2026-04-08 17:10:37,289 - INFO - data proprocessing initialized
2026-04-08 17:10:39,391 - INFO - data loaded suscessfully
2026-04-08 17:10:39,914 - INFO - Filter users successfully ...
2026-04-08 17:10:42,173 - INFO - Ratings scaled Successfully ...
2026-04-08 17:10:42,354 - INFO - data encoding done successfully ...
2026-04-08 17:14:30,105 - INFO - data proprocessing initialized
2026-04-08 17:14:32,076 - INFO - data loaded suscessfully
2026-04-08 17:14:32,409 - INFO - Filter users successfully ...
2026-04-08 17:14:34,694 - INFO - Ratings scaled Successfully ...
2026-04-08 17:14:34,821 - INFO - data encoding done successfully ...
2026-04-08 17:14:35,985 - INFO - Data spliting Successfully ...
2026-04-08 17:14:36,003 - INFO - user2user_encoded saved successfully in processed directory ... 
2026-04-08 17:14:36,016 - INFO - user2user_decoded saved successfully in processed directory ... 
2026-04-08 17:14:36,059 - INFO - anime2anime_encoded saved successfully in processed directory ... 
2026-04-08 17:14:36,095 - INFO - anime2anime_decoded saved successfully in processed directory ... 
2026-04-08 17:14:45,348 - INFO - All the training testing data as well as rating df is saved now successfully ... 
2026-04-08 17:19:32,305 - INFO - data proprocessing initialized
2026-04-08 17:19:34,824 - INFO - data loaded suscessfully
2026-04-08 17:19:35,103 - INFO - Filter users successfully ...
2026-04-08 17:19:36,215 - INFO - Ratings scaled Successfully ...
2026-04-08 17:19:36,327 - INFO - data encoding done successfully ...
2026-04-08 17:19:37,281 - INFO - Data spliting Successfully ...
2026-04-08 17:19:37,296 - INFO - user2user_encoded saved successfully in processed directory ... 
2026-04-08 17:19:37,309 - INFO - user2user_decoded saved successfully in processed directory ... 
2026-04-08 17:19:37,345 - INFO - anime2anime_encoded saved successfully in processed directory ... 
2026-04-08 17:19:37,379 - INFO - anime2anime_decoded saved successfully in processed directory ... 
2026-04-08 17:19:45,261 - INFO - All the training testing data as well as rating df is saved now successfully ... 
2026-04-08 17:27:38,780 - INFO - DataProcessing Intialized
2026-04-08 17:27:40,380 - INFO - Data loaded sucesfully for Data Processing
2026-04-08 17:27:40,680 - INFO - Filtered users sucesfully...
2026-04-08 17:27:41,885 - INFO - Scalind done for Processing 
2026-04-08 17:27:42,003 - INFO - Encoding done for Users and Anime
2026-04-08 17:27:42,967 - INFO - Data splitted sucesfullyy
2026-04-08 17:27:42,981 - INFO - user2user_encoded saved sucesfully in processed directory
2026-04-08 17:27:43,001 - INFO - user2user_decoded saved sucesfully in processed directory
2026-04-08 17:27:43,040 - INFO - anim2anime_encoded saved sucesfully in processed directory
2026-04-08 17:27:43,077 - INFO - anim2anime_decoded saved sucesfully in processed directory
2026-04-08 17:27:51,923 - INFO - ALl the training testing data as well as rating_df is saved now..
2026-04-08 17:27:52,162 - ERROR - Error in /mnt/c/Users/think/Desktop/MLOps Bootcamp/Anime_Recomendation_Project/src/data_preprocessing.py , line 128 : Failed to save animne and anime_synopsis data
