2026-03-28 11:52:14,339 - ERROR - Error while reading YAML file
2026-03-28 12:18:41,577 - ERROR - Error while reading YAML file
2026-03-28 12:26:17,816 - ERROR - Error while reading YAML file
2026-03-28 12:34:01,473 - ERROR - Error while reading YAML file
2026-03-28 12:41:36,333 - ERROR - Error while reading YAML file
2026-03-28 12:51:00,446 - INFO - Succesfully read the YAML file
2026-03-28 12:51:00,453 - INFO - Data Ingestion Started....
2026-03-28 12:51:00,454 - INFO - Starting Data Ingestion Process....
2026-03-28 12:51:45,256 - INFO - Downloading Smaller Files ie anime and anime_with synopsis
2026-03-28 12:54:37,927 - INFO - Data Ingestion DONE...
2026-03-28 12:55:50,048 - INFO - Succesfully read the YAML file
2026-03-28 12:55:50,051 - INFO - Data Ingestion Started....
2026-03-28 12:55:50,051 - INFO - Starting Data Ingestion Process....
2026-03-28 12:56:25,485 - INFO - Downloading Smaller Files ie anime and anime_with synopsis
2026-03-28 12:59:36,361 - INFO - Data Ingestion DONE...
2026-03-28 13:00:56,801 - INFO - Succesfully read the YAML file
2026-03-28 13:00:56,804 - INFO - Data Ingestion Started....
2026-03-28 13:00:56,805 - INFO - Starting Data Ingestion Process....
2026-03-28 13:00:58,816 - INFO - Downloading Smaller Files ie anime and anime_with synopsis
2026-03-28 13:04:37,178 - INFO - Large file detected Only downloading 5M rows
2026-03-28 13:04:38,351 - INFO - Downloading Smaller Files ie anime and anime_with synopsis
2026-03-28 13:04:38,352 - INFO - Data Ingestion Completed...
2026-03-28 13:04:38,353 - INFO - Data Ingestion DONE...
